cp037.chr
cp1006.chr
cp1026.chr
cp424.chr
cp437.chr
cp500.chr
cp737.chr
cp775.chr
cp850.chr
cp852.chr
cp855.chr
cp856.chr
cp857.chr
cp860.chr
cp861.chr
cp862.chr
cp863.chr
cp864.chr
cp865.chr
cp866.chr
cp869.chr
cp874.chr
cp875.chr
iso-8859-1.chr
iso-8859-10.chr
iso-8859-11.chr
iso-8859-13.chr
iso-8859-14.chr
iso-8859-15.chr
iso-8859-16.chr
iso-8859-2.chr
iso-8859-3.chr
iso-8859-4.chr
iso-8859-5.chr
iso-8859-6.chr
iso-8859-7.chr
iso-8859-8.chr
iso-8859-9.chr
koi8-r.chr
koi8-u.chr
mazovia.chr
nextstep.chr
stdenc.chr
symbol.chr
turkish.chr
us-ascii.chr
us-ascii-quotes.chr
windows-1250.chr
windows-1251.chr
windows-1252.chr
windows-1253.chr
windows-1254.chr
windows-1255.chr
windows-1256.chr
windows-1257.chr
windows-1258.chr
x-mac-ce.chr
x-mac-cyrillic.chr
x-mac-greek.chr
x-mac-icelandic.chr
x-mac-roman.chr
zdingbat.chr
cp037.ltt
cp1006.ltt
cp1026.ltt
cp424.ltt
cp437.ltt
cp500.ltt
cp737.ltt
cp775.ltt
cp850.ltt
cp852.ltt
cp855.ltt
cp856.ltt
cp857.ltt
cp860.ltt
cp861.ltt
cp862.ltt
cp863.ltt
cp864.ltt
cp865.ltt
cp866.ltt
cp869.ltt
cp874.ltt
cp875.ltt
iso-8859-1.ltt
iso-8859-10.ltt
iso-8859-11.ltt
iso-8859-13.ltt
iso-8859-14.ltt
iso-8859-15.ltt
iso-8859-16.ltt
iso-8859-2.ltt
iso-8859-3.ltt
iso-8859-4.ltt
iso-8859-5.ltt
iso-8859-6.ltt
iso-8859-7.ltt
iso-8859-8.ltt
iso-8859-9.ltt
koi8-r.ltt
koi8-u.ltt
mazovia.ltt
nextstep.ltt
stdenc.ltt
symbol.ltt
turkish.ltt
us-ascii.ltt
us-ascii-quotes.ltt
utf-8.ltt
windows-1250.ltt
windows-1251.ltt
windows-1252.ltt
windows-1253.ltt
windows-1254.ltt
windows-1255.ltt
windows-1256.ltt
windows-1257.ltt
windows-1258.ltt
x-mac-ce.ltt
x-mac-cyrillic.ltt
x-mac-greek.ltt
x-mac-icelandic.ltt
x-mac-roman.ltt